04-04 03:34:07.221  3354  3354 D CdmaSSM : subscriptionSource from settings: 0
04-04 03:34:07.229  3354  3354 D CdmaSSM : subscriptionSource from settings: 0
04-04 03:34:07.236  3354  3354 D CdmaSSM : subscriptionSource from settings: 0
04-04 03:34:07.243  3354  3354 D DCT     : [0]setupDataOnConnectableApns: roamingOff hipri:[state=IDLE,enabled=false] mms:[state=IDLE,enabled=false] supl:[state=IDLE,enabled=false] cbs:[state=IDLE,enabled=false] dun:[state=IDLE,enabled=false] fota:[state=IDLE,enabled=false] ims:[state=IDLE,enabled=false] default:[state=IDLE,enabled=false] ia:[state=IDLE,enabled=false] 
04-04 03:34:07.244  3354  3354 D DCT     : [0]setupDataOnConnectableApns: nwTypeChanged hipri:[state=IDLE,enabled=false] mms:[state=IDLE,enabled=false] supl:[state=IDLE,enabled=false] cbs:[state=IDLE,enabled=false] dun:[state=IDLE,enabled=false] fota:[state=IDLE,enabled=false] ims:[state=IDLE,enabled=false] default:[state=IDLE,enabled=false] ia:[state=IDLE,enabled=false] 
04-04 03:34:07.244  3354  3354 D SubscriptionInfoUpdater: [Receiver]+
04-04 03:34:07.244  3354  3354 D SubscriptionInfoUpdater: Action: android.intent.action.SIM_STATE_CHANGED
04-04 03:34:07.244  3354  3354 D SubscriptionInfoUpdater: slotId: 0
04-04 03:34:07.244  3354  3354 D SubscriptionInfoUpdater: simStatus: NOT_READY
04-04 03:34:07.245  3354  3354 D SubscriptionInfoUpdater: Ignoring simStatus: NOT_READY
04-04 03:34:07.245  3354  3354 D SubscriptionInfoUpdater: [Receiver]-
04-04 03:34:07.250  3354  3354 D TelephonyNetworkFactory[0]: onSubIdChange -1->-2
04-04 03:34:07.251  3354  3354 D TelephonyNetworkFactory[0]: got request NetworkRequest [ REQUEST id=1, [ Capabilities: INTERNET&NOT_RESTRICTED&TRUSTED&NOT_VPN] ] with score 0
04-04 03:34:07.252  3354  3354 D DebugService: DebugService DebugService:
04-04 03:34:07.257  3354  3354 D RILJ    : [3657]> RIL_REQUEST_QUERY_TTY_MODE [SUB0]
04-04 03:34:07.260  3354  3354 D GsmSMSDispatcher: GsmSMSDispatcher: subId = -2 slotId = 0
04-04 03:34:07.260  2740  2816 D use-Rlog/RLOG-RIL_GU: [modem_0]onRequest: QUERY_TTY_MODE
04-04 03:34:07.260  2740  2816 D use-Rlog/RLOG-RIL_GU: [modem_0]onRequest: QUERY_TTY_MODE failed, sState= 1
04-04 03:34:07.260  2740  2816 I RILC    : RIL_onRequestComplete: free RIL_Token 0x7f9363c140
04-04 03:34:07.261  3354  3354 E IccCardProxy: setExternalState: !override and newstate unchanged from NOT_READY
04-04 03:34:07.261  3354  3394 D RilRequest: [3657]< RIL_REQUEST_QUERY_TTY_MODE error: com.android.internal.telephony.CommandException: RADIO_NOT_AVAILABLE ret=
04-04 03:34:07.261  3354  3354 D GsmCdmaCallTracker: Event EVENT_POLL_CALLS_RESULT Received
04-04 03:34:07.261  3354  3354 D GsmCdmaCallTracker: [GsmCdmaCallTracker] update phone state, old=IDLE new=IDLE
04-04 03:34:07.262  3354  3354 D SST     : SubscriptionListener.onSubscriptionInfoChanged
04-04 03:34:07.262  3354  3354 D GsmCdmaPhone: [GsmCdmaPhone] updateVoiceMail countVoiceMessages = 0 subId -2
04-04 03:34:07.262  3354  3354 E Phone   : setVoiceMessageCount in sharedPreference: invalid subId -2
04-04 03:34:07.263  3354  3354 D DCT     : [0]SubscriptionListener.onSubscriptionInfoChanged
04-04 03:34:07.265  3354  3354 D PhoneSwitcher: evaluating due to subChanged default 0->-1 phone[0] 0->-2
04-04 03:34:07.268  3354  3354 D SubscriptionController: [getActiveSubInfoList] Sub Controller not ready
04-04 03:34:07.277  3354  3354 D SubscriptionController: [getActiveSubInfoList] Sub Controller not ready
04-04 03:34:07.300  3354  3449 D SubscriptionController: [getActiveSubInfoList] Sub Controller not ready
04-04 03:34:07.306  3354  3368 D SubscriptionController: [getActiveSubInfoList] Sub Controller not ready
04-04 03:34:07.311  3354  3367 D SubscriptionController: [getActiveSubInfoList] Sub Controller not ready
04-04 03:34:07.378  3354  3354 D PhoneSwitcher: evaluating due to netRequest
04-04 03:34:07.383  3354  3354 D TelephonyNetworkFactory[0]: not acting - isApp=false, isAct=false NetworkRequest [ REQUEST id=1, [ Capabilities: INTERNET&NOT_RESTRICTED&TRUSTED&NOT_VPN] ]
04-04 03:34:07.437  3354  3449 D SubscriptionController: [getPhoneId] asked for default subId=-1
04-04 03:34:07.603  3354  3367 D SubscriptionController: [getSlotId]- subId invalid
04-04 03:34:07.605  3149  3471 D TelephonyManager: getSimState: default sim:-1, sim state for slotIdx=0 is 6, return state as unknown
04-04 03:34:07.639  3354  3368 D SubscriptionController: [getSlotId]- subId invalid
04-04 03:34:07.640  3149  3471 D TelephonyManager: getSimState: default sim:-1, sim state for slotIdx=0 is 6, return state as unknown
04-04 03:34:07.665  3354  3368 D SubscriptionController: [getSlotId]- subId invalid
04-04 03:34:07.666  3149  3471 D TelephonyManager: getSimState: default sim:-1, sim state for slotIdx=0 is 6, return state as unknown
04-04 03:34:07.732  2740  2840 I use-Rlog/RLOG-RIL_GU: cmdloop[0] open[/dev/appvcom] ret -1, openTryCount 8.
04-04 03:34:07.732  2740  2841 I use-Rlog/RLOG-RIL_GU: cmdloop[1] open[/dev/appvcom1] ret -1, openTryCount 8.
04-04 03:34:07.735  2740  2842 I use-Rlog/RLOG-RIL_GU: cmdloop[2] open[/dev/appvcom10] ret -1, openTryCount 8.
04-04 03:34:07.747  2740  2843 I use-Rlog/RLOG-RIL_GU: cmdloop[3] open[/dev/appvcom13] ret -1, openTryCount 8.
04-04 03:34:08.359  3354  3367 D SubscriptionController: [getSlotId]- subId invalid
04-04 03:34:08.370  3149  3471 D TelephonyManager: getSimState: default sim:-1, sim state for slotIdx=0 is 6, return state as unknown
04-04 03:34:08.590  3354  3367 D SubscriptionController: [getSlotId]- subId invalid
04-04 03:34:08.596  3149  3471 D TelephonyManager: getSimState: default sim:-1, sim state for slotIdx=0 is 6, return state as unknown
04-04 03:34:08.605  3354  3367 D SubscriptionController: [getSlotId]- subId invalid
04-04 03:34:08.615  3149  3471 D TelephonyManager: getSimState: default sim:-1, sim state for slotIdx=0 is 6, return state as unknown
04-04 03:34:08.628  3354  3367 D SubscriptionController: [getSlotId]- subId invalid
04-04 03:34:08.632  3149  3471 D TelephonyManager: getSimState: default sim:-1, sim state for slotIdx=0 is 6, return state as unknown
04-04 03:34:08.732  2740  2841 I use-Rlog/RLOG-RIL_GU: cmdloop[1] open[/dev/appvcom1] ret -1, openTryCount 7.
04-04 03:34:08.732  2740  2840 I use-Rlog/RLOG-RIL_GU: cmdloop[0] open[/dev/appvcom] ret -1, openTryCount 7.
04-04 03:34:08.735  2740  2842 I use-Rlog/RLOG-RIL_GU: cmdloop[2] open[/dev/appvcom10] ret -1, openTryCount 7.
04-04 03:34:08.736  3354  3367 D SubscriptionController: [getSlotId]- subId invalid
04-04 03:34:08.747  2740  2843 I use-Rlog/RLOG-RIL_GU: cmdloop[3] open[/dev/appvcom13] ret -1, openTryCount 7.
04-04 03:34:08.749  3149  3471 D TelephonyManager: getSimState: default sim:-1, sim state for slotIdx=0 is 6, return state as unknown
04-04 03:34:09.235  3354  3367 D SubscriptionController: [getSlotId]- subId invalid
04-04 03:34:09.240  3149  3471 D TelephonyManager: getSimState: default sim:-1, sim state for slotIdx=0 is 6, return state as unknown
04-04 03:34:09.298  3354  3420 D GsmCellBroadcastHandler: mWakeLock released
04-04 03:34:09.319  3354  3422 D CellBroadcastHandler: mWakeLock released
04-04 03:34:09.330  3354  3426 D CdmaServiceCategoryProgramHandler: mWakeLock released
04-04 03:34:09.580  3354  3449 D SubscriptionController: [getSlotId]- subId invalid
04-04 03:34:09.619  3149  3471 D TelephonyManager: getSimState: default sim:-1, sim state for slotIdx=0 is 6, return state as unknown
04-04 03:34:09.732  2740  2841 I use-Rlog/RLOG-RIL_GU: cmdloop[1] open[/dev/appvcom1] ret -1, openTryCount 6.
04-04 03:34:09.732  2740  2840 I use-Rlog/RLOG-RIL_GU: cmdloop[0] open[/dev/appvcom] ret -1, openTryCount 6.
04-04 03:34:09.736  2740  2842 I use-Rlog/RLOG-RIL_GU: cmdloop[2] open[/dev/appvcom10] ret -1, openTryCount 6.
04-04 03:34:09.747  2740  2843 I use-Rlog/RLOG-RIL_GU: cmdloop[3] open[/dev/appvcom13] ret -1, openTryCount 6.
04-04 03:34:09.774  3354  3449 D SubscriptionController: [getSlotId]- subId invalid
04-04 03:34:09.783  3149  3471 D TelephonyManager: getSimState: default sim:-1, sim state for slotIdx=0 is 6, return state as unknown
04-04 03:34:09.810  3354  3449 D SubscriptionController: [getSlotId]- subId invalid
04-04 03:34:09.823  3149  3471 D TelephonyManager: getSimState: default sim:-1, sim state for slotIdx=0 is 6, return state as unknown
04-04 03:34:09.848  3354  3449 D SubscriptionController: [getSlotId]- subId invalid
04-04 03:34:09.859  3149  3471 D TelephonyManager: getSimState: default sim:-1, sim state for slotIdx=0 is 6, return state as unknown
04-04 03:34:09.909  3354  3449 D SubscriptionController: [getSlotId]- subId invalid
04-04 03:34:09.923  3149  3471 D TelephonyManager: getSimState: default sim:-1, sim state for slotIdx=0 is 6, return state as unknown
04-04 03:34:09.947  3354  3449 D SubscriptionController: [getSlotId]- subId invalid
04-04 03:34:09.959  3149  3471 D TelephonyManager: getSimState: default sim:-1, sim state for slotIdx=0 is 6, return state as unknown
04-04 03:34:09.975  3354  3449 D SubscriptionController: [getSlotId]- subId invalid
04-04 03:34:09.990  3149  3471 D TelephonyManager: getSimState: default sim:-1, sim state for slotIdx=0 is 6, return state as unknown
04-04 03:34:10.494  3354  3368 D DCT     : [0]fetchDunApn: net.tethering.noprovisioning=true ret: null
04-04 03:34:10.494  3354  3368 D DCT     : [0]hasMatchedTetherApnSetting: APN=null
04-04 03:34:10.732  2740  2841 I use-Rlog/RLOG-RIL_GU: cmdloop[1] open[/dev/appvcom1] ret -1, openTryCount 5.
04-04 03:34:10.732  2740  2840 I use-Rlog/RLOG-RIL_GU: cmdloop[0] open[/dev/appvcom] ret -1, openTryCount 5.
04-04 03:34:10.736  2740  2842 I use-Rlog/RLOG-RIL_GU: cmdloop[2] open[/dev/appvcom10] ret -1, openTryCount 5.
04-04 03:34:10.748  2740  2843 I use-Rlog/RLOG-RIL_GU: cmdloop[3] open[/dev/appvcom13] ret -1, openTryCount 5.
04-04 03:34:10.766  3354  3367 D SubscriptionController: [getActiveSubInfoList] Sub Controller not ready
04-04 03:34:11.733  2740  2840 I use-Rlog/RLOG-RIL_GU: cmdloop[0] open[/dev/appvcom] ret -1, openTryCount 4.
04-04 03:34:11.733  2740  2841 I use-Rlog/RLOG-RIL_GU: cmdloop[1] open[/dev/appvcom1] ret -1, openTryCount 4.
04-04 03:34:11.736  2740  2842 I use-Rlog/RLOG-RIL_GU: cmdloop[2] open[/dev/appvcom10] ret -1, openTryCount 4.
04-04 03:34:11.748  2740  2843 I use-Rlog/RLOG-RIL_GU: cmdloop[3] open[/dev/appvcom13] ret -1, openTryCount 4.
04-04 03:34:12.733  2740  2840 I use-Rlog/RLOG-RIL_GU: cmdloop[0] open[/dev/appvcom] ret -1, openTryCount 3.
04-04 03:34:12.733  2740  2841 I use-Rlog/RLOG-RIL_GU: cmdloop[1] open[/dev/appvcom1] ret -1, openTryCount 3.
04-04 03:34:12.736  2740  2842 I use-Rlog/RLOG-RIL_GU: cmdloop[2] open[/dev/appvcom10] ret -1, openTryCount 3.
04-04 03:34:12.748  2740  2843 I use-Rlog/RLOG-RIL_GU: cmdloop[3] open[/dev/appvcom13] ret -1, openTryCount 3.
04-04 03:34:13.733  2740  2841 I use-Rlog/RLOG-RIL_GU: cmdloop[1] open[/dev/appvcom1] ret -1, openTryCount 2.
04-04 03:34:13.733  2740  2840 I use-Rlog/RLOG-RIL_GU: cmdloop[0] open[/dev/appvcom] ret -1, openTryCount 2.
04-04 03:34:13.736  2740  2842 I use-Rlog/RLOG-RIL_GU: cmdloop[2] open[/dev/appvcom10] ret -1, openTryCount 2.
04-04 03:34:13.749  2740  2843 I use-Rlog/RLOG-RIL_GU: cmdloop[3] open[/dev/appvcom13] ret -1, openTryCount 2.
04-04 03:34:14.733  2740  2841 I use-Rlog/RLOG-RIL_GU: cmdloop[1] open[/dev/appvcom1] ret -1, openTryCount 1.
04-04 03:34:14.733  2740  2840 I use-Rlog/RLOG-RIL_GU: cmdloop[0] open[/dev/appvcom] ret -1, openTryCount 1.
04-04 03:34:14.736  2740  2842 I use-Rlog/RLOG-RIL_GU: cmdloop[2] open[/dev/appvcom10] ret -1, openTryCount 1.
04-04 03:34:14.749  2740  2843 I use-Rlog/RLOG-RIL_GU: cmdloop[3] open[/dev/appvcom13] ret -1, openTryCount 1.
04-04 03:34:14.772  3354  3354 D WAP PUSH: Received broadcast android.intent.action.USER_UNLOCKED
04-04 03:34:14.773  3354  3354 D WAP PUSH: Received broadcast android.intent.action.USER_UNLOCKED
04-04 03:34:14.774  3354  3354 D SmsBroadcastUndelivered: Received broadcast android.intent.action.USER_UNLOCKED
04-04 03:34:14.774  3354  3354 D SubscriptionInfoUpdater: [Receiver]+
04-04 03:34:14.774  3354  3354 D SubscriptionInfoUpdater: Action: android.intent.action.USER_UNLOCKED
04-04 03:34:14.775  3354  3354 D SubscriptionInfoUpdater: Broadcasting intent ACTION_SIM_STATE_CHANGED for mCardIndex: 0
04-04 03:34:14.778  3354  3587 D SmsBroadcastUndelivered: scanning raw table for undelivered messages
04-04 03:34:14.813  3354  3354 D SubscriptionInfoUpdater: [Receiver]-
04-04 03:34:14.874  3354  3354 D SubscriptionInfoUpdater: [Receiver]+
04-04 03:34:14.874  3354  3354 D SubscriptionInfoUpdater: Action: android.intent.action.SIM_STATE_CHANGED
04-04 03:34:14.874  3354  3354 D SubscriptionInfoUpdater: slotId: 0
04-04 03:34:14.874  3354  3354 D SubscriptionInfoUpdater: simStatus: NOT_READY
04-04 03:34:14.874  3354  3354 D SubscriptionInfoUpdater: Ignoring simStatus: NOT_READY
04-04 03:34:14.874  3354  3354 D SubscriptionInfoUpdater: [Receiver]-
04-04 03:34:14.877  3354  3449 D SubscriptionController: [getActiveSubInfoList] Sub Controller not ready
04-04 03:34:14.884  3354  3587 D SmsBroadcastUndelivered: finished scanning raw table in 105 ms
04-04 03:34:15.734  2740  2841 I use-Rlog/RLOG-RIL_GU: cmdloop[1] open[/dev/appvcom1] ret -1, openTryCount 0.
04-04 03:34:15.734  2740  2841 I use-Rlog/RLOG-RIL_GU: cmdloop[1] Wait AT port timeout, reset!!!
04-04 03:34:15.734  2740  2840 I use-Rlog/RLOG-RIL_GU: cmdloop[0] open[/dev/appvcom] ret -1, openTryCount 0.
04-04 03:34:15.734  2740  2840 I use-Rlog/RLOG-RIL_GU: cmdloop[0] Wait AT port timeout, reset!!!
04-04 03:34:15.737  2740  2842 I use-Rlog/RLOG-RIL_GU: cmdloop[2] open[/dev/appvcom10] ret -1, openTryCount 0.
04-04 03:34:15.737  2740  2842 I use-Rlog/RLOG-RIL_GU: cmdloop[2] Wait AT port timeout, reset!!!
04-04 03:34:15.749  2740  2843 I use-Rlog/RLOG-RIL_GU: cmdloop[3] open[/dev/appvcom13] ret -1, openTryCount 0.
04-04 03:34:15.749  2740  2843 I use-Rlog/RLOG-RIL_GU: cmdloop[3] Wait AT port timeout, reset!!!
04-04 03:34:16.390  3354  3354 D SubscriptionController: [getPhoneId] asked for default subId=-1
04-04 03:34:16.609  3354  3354 D GsmCdmaPhone: mBroadcastReceiver: action android.telephony.action.CARRIER_CONFIG_CHANGED
04-04 03:34:16.628  3354  3354 I CSST    : reading time to delay notification: -1
04-04 03:34:16.637  3354  3354 D ImsManager: updateVolteFeatureValue: available = false, enabled = true, nonTTY = true
04-04 03:34:16.643  3354  3354 E ImsManager: updateImsServiceConfig: 
04-04 03:34:16.643  3354  3354 E ImsManager: com.android.ims.ImsException: Service is unavailable, code = 106
04-04 03:34:16.643  3354  3354 E ImsManager: 	at com.android.ims.ImsManager.checkAndThrowExceptionIfServiceUnavailable(ImsManager.java:1359)
04-04 03:34:16.643  3354  3354 E ImsManager: 	at com.android.ims.ImsManager.getConfigInterface(ImsManager.java:1238)
04-04 03:34:16.643  3354  3354 E ImsManager: 	at com.android.ims.ImsManager.updateVolteFeatureValue(ImsManager.java:817)
04-04 03:34:16.643  3354  3354 E ImsManager: 	at com.android.ims.ImsManager.updateImsServiceConfig(ImsManager.java:777)
04-04 03:34:16.643  3354  3354 E ImsManager: 	at com.android.internal.telephony.GsmCdmaPhone.handleMessage(GsmCdmaPhone.java:2166)
04-04 03:34:16.643  3354  3354 E ImsManager: 	at android.os.Handler.dispatchMessage(Handler.java:102)
04-04 03:34:16.643  3354  3354 E ImsManager: 	at android.os.Looper.loop(Looper.java:154)
04-04 03:34:16.643  3354  3354 E ImsManager: 	at android.app.ActivityThread.main(ActivityThread.java:6186)
04-04 03:34:16.643  3354  3354 E ImsManager: 	at java.lang.reflect.Method.invoke(Native Method)
04-04 03:34:16.643  3354  3354 E ImsManager: 	at com.android.internal.os.ZygoteInit$MethodAndArgsCaller.run(ZygoteInit.java:889)
04-04 03:34:16.643  3354  3354 E ImsManager: 	at com.android.internal.os.ZygoteInit.main(ZygoteInit.java:779)
04-04 03:34:16.650  3354  3354 D GsmCdmaPhone: [GsmCdmaPhone] broadcastEmergencyCallStateChanges = false
04-04 03:34:16.652  3354  3354 E GsmCdmaPhone: [GsmCdmaPhone] Invalid cdma_roaming_mode settings: -1
04-04 03:34:16.652  3354  3354 D EriManager: loadEriFileFromXml: check for alternate file
04-04 03:34:16.653  3354  3354 D EriManager: loadEriFileFromXml: no alternate file
04-04 03:34:16.656  3354  3354 D EriManager: eriFile = eri.xml
04-04 03:34:16.669  3354  3354 D EriManager: loadEriFileFromXml: eri parsing successful, file loaded. ver = 1357, # of entries = 176
04-04 03:34:16.669  3354  3354 D GsmCdmaPhone: [GsmCdmaPhone] ERI read, notify registrants
04-04 03:34:25.379  3354  3354 D RILJ    : [3658]> SCREEN_STATE: true [SUB0]
04-04 03:34:25.382  2740  2816 D use-Rlog/RLOG-RIL_GU: [modem_0]onRequest[61]:SCREEN_STATE[1]
04-04 03:34:25.382  2740  2816 D use-Rlog/RLOG-RIL_GU: [modem_0]onRequest: SCREEN_STATE failed, sState= 1
04-04 03:34:25.382  2740  2816 I RILC    : RIL_onRequestComplete: free RIL_Token 0x7f9363c140
04-04 03:34:25.383  3354  3394 D RilRequest: [3658]< SCREEN_STATE error: com.android.internal.telephony.CommandException: RADIO_NOT_AVAILABLE ret=
04-04 03:34:25.780  3354  3354 D DCT     : [0]screen on
04-04 03:34:25.780  3354  3354 D DCT     : [0]stopNetStatPoll
04-04 03:34:25.847  3354  3354 D DCT     : [0]screen off
04-04 03:34:25.847  3354  3354 D DCT     : [0]stopNetStatPoll
04-04 03:34:30.524  3354  3354 D DCT     : [0]Wifi state changed
04-04 03:34:30.524  3354  3354 D DCT     : [0]WIFI_STATE_CHANGED_ACTION: enabled=false mIsWifiConnected=false
04-04 03:34:46.120  3354  3368 D SubscriptionController: [getActiveSubInfoList] Sub Controller not ready
04-04 03:34:46.124  3354  3449 D SubscriptionController: [getPhoneId] asked for default subId=-1
04-04 03:34:46.140  3354  3368 D SubscriptionController: [getActiveSubInfoList] Sub Controller not ready
04-04 03:34:46.149  3354  3367 D SubscriptionController: [getActiveSubInfoList] Sub Controller not ready
04-04 03:34:46.159  3354  3449 D SubscriptionController: [getActiveSubInfoList] Sub Controller not ready
04-04 03:34:46.205  3354  3449 D SubscriptionController: [getActiveSubInfoList] Sub Controller not ready
04-04 03:34:46.284  3354  3354 D SipService: SipService: started!
04-04 03:34:46.295  3354  3354 D SipService: start:
04-04 03:34:46.518  3354  3368 D SubscriptionController: [getPhoneId] asked for default subId=-1
04-04 03:34:46.590  3354  3354 D CAT     : com.android.stk.BootCompletedReceiver: [ACTION_BOOT_COMPLETED]
04-04 03:34:46.616  3354  3354 D CAT     : com.android.stk.StkAppService: onCreate()+
04-04 03:34:46.616  3354  3354 D CAT     : com.android.stk.StkAppService: simCount: 1
04-04 03:34:46.623  3354  3354 D CAT     : com.android.stk.StkAppService: slotId: 0
04-04 03:34:46.631  3354  3354 D CAT     : com.android.stk.StkAppService: onStart sim id: 0, op: 5, *****
04-04 03:34:46.631  3354  3354 D CAT     : com.android.stk.StkAppService: mStkService is: -1
04-04 03:34:46.637  3354  3354 D CAT     : StkAppInstaller: [setAppState]+
04-04 03:34:46.638  3354  3354 D CAT     : StkAppInstaller: Need not change app state!!
04-04 03:34:46.638  3354  3354 D CAT     : StkAppInstaller: [setAppState]-
04-04 03:34:46.639  3354  3354 D CAT     : com.android.stk.StkAppService: onDestroy()
04-04 03:35:16.384  3354  3354 D DCT     : [0]screen on
04-04 03:35:16.384  3354  3354 D DCT     : [0]stopNetStatPoll
04-04 03:35:27.236  3354  3354 D DCT     : [0]screen off
04-04 03:35:27.236  3354  3354 D DCT     : [0]stopNetStatPoll
04-04 03:36:51.030  3354  3354 D DCT     : [0]screen on
04-04 03:36:51.031  3354  3354 D DCT     : [0]stopNetStatPoll
04-04 03:36:51.759  3354  3367 D SubscriptionController: [getSlotId]- subId invalid
04-04 03:36:51.761  3149  3471 D TelephonyManager: getSimState: default sim:-1, sim state for slotIdx=0 is 6, return state as unknown
04-04 03:36:53.391  3354  3367 D SubscriptionController: [getSlotId]- subId invalid
04-04 03:36:53.400  3149  3471 D TelephonyManager: getSimState: default sim:-1, sim state for slotIdx=0 is 6, return state as unknown
04-04 03:36:53.957  3354  3368 D SubscriptionController: [getSlotId]- subId invalid
04-04 03:36:53.987  3149  3471 D TelephonyManager: getSimState: default sim:-1, sim state for slotIdx=0 is 6, return state as unknown
04-04 03:36:54.348  3354  3368 D SubscriptionController: [getSlotId]- subId invalid
04-04 03:36:54.387  3149  3471 D TelephonyManager: getSimState: default sim:-1, sim state for slotIdx=0 is 6, return state as unknown
04-04 03:36:54.428  3354  3368 D SubscriptionController: [getSlotId]- subId invalid
04-04 03:36:54.447  3149  3471 D TelephonyManager: getSimState: default sim:-1, sim state for slotIdx=0 is 6, return state as unknown
04-04 03:36:54.484  3354  3368 D SubscriptionController: [getSlotId]- subId invalid
04-04 03:36:54.507  3149  3471 D TelephonyManager: getSimState: default sim:-1, sim state for slotIdx=0 is 6, return state as unknown
04-04 03:37:42.618  3354  3354 D RILJ    : [3659]> RIL_REQUEST_GET_ACTIVITY_INFO [SUB0]
04-04 03:37:42.618  3354  3354 I RILJ-HwHisiRil: : Unsupported request 135
04-04 03:37:42.618  3354  3354 D RilRequest: [3659]< RIL_REQUEST_GET_ACTIVITY_INFO error: com.android.internal.telephony.CommandException: REQUEST_NOT_SUPPORTED ret=
04-04 03:37:58.111  3354  3354 D DCT     : [0]screen off
04-04 03:37:58.111  3354  3354 D DCT     : [0]stopNetStatPoll
04-04 03:38:02.442  3354  3368 D SubscriptionController: [getSlotId]- subId invalid
04-04 03:38:02.444  3149  3471 D TelephonyManager: getSimState: default sim:-1, sim state for slotIdx=0 is 6, return state as unknown
04-04 03:38:02.525  3354  3368 D SubscriptionController: [getSlotId]- subId invalid
04-04 03:38:02.534  3149  3471 D TelephonyManager: getSimState: default sim:-1, sim state for slotIdx=0 is 6, return state as unknown
04-04 03:38:02.558  3354  3368 D SubscriptionController: [getSlotId]- subId invalid
04-04 03:38:02.565  3149  3471 D TelephonyManager: getSimState: default sim:-1, sim state for slotIdx=0 is 6, return state as unknown
04-04 03:38:02.580  3354  3368 D SubscriptionController: [getSlotId]- subId invalid
04-04 03:38:02.597  3149  3471 D TelephonyManager: getSimState: default sim:-1, sim state for slotIdx=0 is 6, return state as unknown
04-04 03:41:23.324  3354  3354 D RILJ    : [3660]> RIL_REQUEST_GET_ACTIVITY_INFO [SUB0]
04-04 03:41:23.324  3354  3354 I RILJ-HwHisiRil: : Unsupported request 135
04-04 03:41:23.324  3354  3354 D RilRequest: [3660]< RIL_REQUEST_GET_ACTIVITY_INFO error: com.android.internal.telephony.CommandException: REQUEST_NOT_SUPPORTED ret=
